[0.759s] Invoking command in '/home/arsen/ros2_ws/src/my_robot_controller': PYTHONPATH=/home/arsen/ros2_ws/build/my_robot_controller/prefix_override:/usr/lib/python3/dist-packages/colcon_core/task/python/colcon_distutils_commands:/home/arsen/ros2_ws/install/my_robot_controller/lib/python3.10/site-packages:${PYTHONPATH} /usr/bin/python3 -W ignore:setup.py install is deprecated -W ignore:easy_install command is deprecated setup.py egg_info --egg-base ../../build/my_robot_controller build --build-base /home/arsen/ros2_ws/build/my_robot_controller/build install --record /home/arsen/ros2_ws/build/my_robot_controller/install.log --single-version-externally-managed install_data
[1.007s] running egg_info
[1.008s] writing ../../build/my_robot_controller/my_robot_controller.egg-info/PKG-INFO
[1.008s] writing dependency_links to ../../build/my_robot_controller/my_robot_controller.egg-info/dependency_links.txt
[1.008s] writing entry points to ../../build/my_robot_controller/my_robot_controller.egg-info/entry_points.txt
[1.008s] writing requirements to ../../build/my_robot_controller/my_robot_controller.egg-info/requires.txt
[1.008s] writing top-level names to ../../build/my_robot_controller/my_robot_controller.egg-info/top_level.txt
[1.011s] reading manifest file '../../build/my_robot_controller/my_robot_controller.egg-info/SOURCES.txt'
[1.012s] writing manifest file '../../build/my_robot_controller/my_robot_controller.egg-info/SOURCES.txt'
[1.012s] running build
[1.012s] running build_py
[1.012s] copying my_robot_controller/roarm_driver.py -> /home/arsen/ros2_ws/build/my_robot_controller/build/lib/my_robot_controller
[1.012s] copying my_robot_controller/roarm_driver2.py -> /home/arsen/ros2_ws/build/my_robot_controller/build/lib/my_robot_controller
[1.013s] running install
[1.013s] running install_lib
[1.014s] copying /home/arsen/ros2_ws/build/my_robot_controller/build/lib/my_robot_controller/roarm_driver.py -> /home/arsen/ros2_ws/install/my_robot_controller/lib/python3.10/site-packages/my_robot_controller
[1.014s] copying /home/arsen/ros2_ws/build/my_robot_controller/build/lib/my_robot_controller/roarm_driver2.py -> /home/arsen/ros2_ws/install/my_robot_controller/lib/python3.10/site-packages/my_robot_controller
[1.015s] byte-compiling /home/arsen/ros2_ws/install/my_robot_controller/lib/python3.10/site-packages/my_robot_controller/roarm_driver.py to roarm_driver.cpython-310.pyc
[1.018s] byte-compiling /home/arsen/ros2_ws/install/my_robot_controller/lib/python3.10/site-packages/my_robot_controller/roarm_driver2.py to roarm_driver2.cpython-310.pyc
[1.020s] running install_data
[1.020s] running install_egg_info
[1.022s] removing '/home/arsen/ros2_ws/install/my_robot_controller/lib/python3.10/site-packages/my_robot_controller-0.0.0-py3.10.egg-info' (and everything under it)
[1.023s] Copying ../../build/my_robot_controller/my_robot_controller.egg-info to /home/arsen/ros2_ws/install/my_robot_controller/lib/python3.10/site-packages/my_robot_controller-0.0.0-py3.10.egg-info
[1.024s] running install_scripts
[1.045s] Installing draw_circle script to /home/arsen/ros2_ws/install/my_robot_controller/lib/my_robot_controller
[1.045s] Installing pose_subscriber script to /home/arsen/ros2_ws/install/my_robot_controller/lib/my_robot_controller
[1.045s] Installing test_node script to /home/arsen/ros2_ws/install/my_robot_controller/lib/my_robot_controller
[1.045s] Installing turtle_controller script to /home/arsen/ros2_ws/install/my_robot_controller/lib/my_robot_controller
[1.046s] writing list of installed files to '/home/arsen/ros2_ws/build/my_robot_controller/install.log'
[1.066s] Invoked command in '/home/arsen/ros2_ws/src/my_robot_controller' returned '0': PYTHONPATH=/home/arsen/ros2_ws/build/my_robot_controller/prefix_override:/usr/lib/python3/dist-packages/colcon_core/task/python/colcon_distutils_commands:/home/arsen/ros2_ws/install/my_robot_controller/lib/python3.10/site-packages:${PYTHONPATH} /usr/bin/python3 -W ignore:setup.py install is deprecated -W ignore:easy_install command is deprecated setup.py egg_info --egg-base ../../build/my_robot_controller build --build-base /home/arsen/ros2_ws/build/my_robot_controller/build install --record /home/arsen/ros2_ws/build/my_robot_controller/install.log --single-version-externally-managed install_data
