[0.613s] Invoking command in '/home/arsen/ros2_ws/src/my_robot_controller': PYTHONPATH=/home/arsen/ros2_ws/build/my_robot_controller/prefix_override:/usr/lib/python3/dist-packages/colcon_core/task/python/colcon_distutils_commands:/home/arsen/ros2_ws/install/my_robot_controller/lib/python3.10/site-packages:${PYTHONPATH} /usr/bin/python3 -W ignore:setup.py install is deprecated -W ignore:easy_install command is deprecated setup.py egg_info --egg-base ../../build/my_robot_controller build --build-base /home/arsen/ros2_ws/build/my_robot_controller/build install --record /home/arsen/ros2_ws/build/my_robot_controller/install.log --single-version-externally-managed install_data
[0.852s] running egg_info
[0.852s] writing ../../build/my_robot_controller/my_robot_controller.egg-info/PKG-INFO
[0.853s] writing dependency_links to ../../build/my_robot_controller/my_robot_controller.egg-info/dependency_links.txt
[0.853s] writing entry points to ../../build/my_robot_controller/my_robot_controller.egg-info/entry_points.txt
[0.853s] writing requirements to ../../build/my_robot_controller/my_robot_controller.egg-info/requires.txt
[0.853s] writing top-level names to ../../build/my_robot_controller/my_robot_controller.egg-info/top_level.txt
[0.855s] reading manifest file '../../build/my_robot_controller/my_robot_controller.egg-info/SOURCES.txt'
[0.855s] writing manifest file '../../build/my_robot_controller/my_robot_controller.egg-info/SOURCES.txt'
[0.855s] running build
[0.856s] running build_py
[0.856s] copying my_robot_controller/turtle_controller.py -> /home/arsen/ros2_ws/build/my_robot_controller/build/lib/my_robot_controller
[0.856s] running install
[0.856s] running install_lib
[0.857s] copying /home/arsen/ros2_ws/build/my_robot_controller/build/lib/my_robot_controller/turtle_controller.py -> /home/arsen/ros2_ws/install/my_robot_controller/lib/python3.10/site-packages/my_robot_controller
[0.857s] byte-compiling /home/arsen/ros2_ws/install/my_robot_controller/lib/python3.10/site-packages/my_robot_controller/turtle_controller.py to turtle_controller.cpython-310.pyc
[0.858s] running install_data
[0.858s] running install_egg_info
[0.860s] removing '/home/arsen/ros2_ws/install/my_robot_controller/lib/python3.10/site-packages/my_robot_controller-0.0.0-py3.10.egg-info' (and everything under it)
[0.860s] Copying ../../build/my_robot_controller/my_robot_controller.egg-info to /home/arsen/ros2_ws/install/my_robot_controller/lib/python3.10/site-packages/my_robot_controller-0.0.0-py3.10.egg-info
[0.860s] running install_scripts
[0.878s] Installing draw_circle script to /home/arsen/ros2_ws/install/my_robot_controller/lib/my_robot_controller
[0.878s] Installing pose_subscriber script to /home/arsen/ros2_ws/install/my_robot_controller/lib/my_robot_controller
[0.878s] Installing test_node script to /home/arsen/ros2_ws/install/my_robot_controller/lib/my_robot_controller
[0.879s] Installing turtle_controller script to /home/arsen/ros2_ws/install/my_robot_controller/lib/my_robot_controller
[0.879s] writing list of installed files to '/home/arsen/ros2_ws/build/my_robot_controller/install.log'
[0.898s] Invoked command in '/home/arsen/ros2_ws/src/my_robot_controller' returned '0': PYTHONPATH=/home/arsen/ros2_ws/build/my_robot_controller/prefix_override:/usr/lib/python3/dist-packages/colcon_core/task/python/colcon_distutils_commands:/home/arsen/ros2_ws/install/my_robot_controller/lib/python3.10/site-packages:${PYTHONPATH} /usr/bin/python3 -W ignore:setup.py install is deprecated -W ignore:easy_install command is deprecated setup.py egg_info --egg-base ../../build/my_robot_controller build --build-base /home/arsen/ros2_ws/build/my_robot_controller/build install --record /home/arsen/ros2_ws/build/my_robot_controller/install.log --single-version-externally-managed install_data
