[0.754s] Invoking command in '/home/arsen/ros2_ws/build/my_robot_controller': PYTHONPATH=/home/arsen/ros2_ws/build/my_robot_controller/prefix_override:/usr/lib/python3/dist-packages/colcon_core/task/python/colcon_distutils_commands:/home/arsen/ros2_ws/install/my_robot_controller/lib/python3.10/site-packages:${PYTHONPATH} /usr/bin/python3 -W ignore:setup.py install is deprecated -W ignore:easy_install command is deprecated setup.py develop --uninstall --editable --build-directory /home/arsen/ros2_ws/build/my_robot_controller/build
[1.013s] running develop
[1.197s] Removing /home/arsen/ros2_ws/install/my_robot_controller/lib/python3.10/site-packages/my-robot-controller.egg-link (link to .)
[1.222s] Invoked command in '/home/arsen/ros2_ws/build/my_robot_controller' returned '0': PYTHONPATH=/home/arsen/ros2_ws/build/my_robot_controller/prefix_override:/usr/lib/python3/dist-packages/colcon_core/task/python/colcon_distutils_commands:/home/arsen/ros2_ws/install/my_robot_controller/lib/python3.10/site-packages:${PYTHONPATH} /usr/bin/python3 -W ignore:setup.py install is deprecated -W ignore:easy_install command is deprecated setup.py develop --uninstall --editable --build-directory /home/arsen/ros2_ws/build/my_robot_controller/build
[1.223s] Invoking command in '/home/arsen/ros2_ws/src/my_robot_controller': PYTHONPATH=/home/arsen/ros2_ws/build/my_robot_controller/prefix_override:/usr/lib/python3/dist-packages/colcon_core/task/python/colcon_distutils_commands:/home/arsen/ros2_ws/install/my_robot_controller/lib/python3.10/site-packages:${PYTHONPATH} /usr/bin/python3 -W ignore:setup.py install is deprecated -W ignore:easy_install command is deprecated setup.py egg_info --egg-base ../../build/my_robot_controller build --build-base /home/arsen/ros2_ws/build/my_robot_controller/build install --record /home/arsen/ros2_ws/build/my_robot_controller/install.log --single-version-externally-managed install_data --force
[1.462s] running egg_info
[1.462s] writing ../../build/my_robot_controller/my_robot_controller.egg-info/PKG-INFO
[1.462s] writing dependency_links to ../../build/my_robot_controller/my_robot_controller.egg-info/dependency_links.txt
[1.463s] writing entry points to ../../build/my_robot_controller/my_robot_controller.egg-info/entry_points.txt
[1.463s] writing requirements to ../../build/my_robot_controller/my_robot_controller.egg-info/requires.txt
[1.463s] writing top-level names to ../../build/my_robot_controller/my_robot_controller.egg-info/top_level.txt
[1.464s] reading manifest file '../../build/my_robot_controller/my_robot_controller.egg-info/SOURCES.txt'
[1.465s] writing manifest file '../../build/my_robot_controller/my_robot_controller.egg-info/SOURCES.txt'
[1.465s] running build
[1.466s] running build_py
[1.466s] copying my_robot_controller/turtle_controller.py -> /home/arsen/ros2_ws/build/my_robot_controller/build/lib/my_robot_controller
[1.466s] copying my_robot_controller/roarm.py -> /home/arsen/ros2_ws/build/my_robot_controller/build/lib/my_robot_controller
[1.466s] copying my_robot_controller/pose_subscriber.py -> /home/arsen/ros2_ws/build/my_robot_controller/build/lib/my_robot_controller
[1.466s] copying my_robot_controller/first_node.py -> /home/arsen/ros2_ws/build/my_robot_controller/build/lib/my_robot_controller
[1.466s] copying my_robot_controller/draw_circle.py -> /home/arsen/ros2_ws/build/my_robot_controller/build/lib/my_robot_controller
[1.466s] running install
[1.466s] running install_lib
[1.467s] creating /home/arsen/ros2_ws/install/my_robot_controller/lib/python3.10/site-packages/my_robot_controller
[1.467s] copying /home/arsen/ros2_ws/build/my_robot_controller/build/lib/my_robot_controller/turtle_controller.py -> /home/arsen/ros2_ws/install/my_robot_controller/lib/python3.10/site-packages/my_robot_controller
[1.467s] copying /home/arsen/ros2_ws/build/my_robot_controller/build/lib/my_robot_controller/__init__.py -> /home/arsen/ros2_ws/install/my_robot_controller/lib/python3.10/site-packages/my_robot_controller
[1.467s] copying /home/arsen/ros2_ws/build/my_robot_controller/build/lib/my_robot_controller/roarm.py -> /home/arsen/ros2_ws/install/my_robot_controller/lib/python3.10/site-packages/my_robot_controller
[1.468s] copying /home/arsen/ros2_ws/build/my_robot_controller/build/lib/my_robot_controller/pose_subscriber.py -> /home/arsen/ros2_ws/install/my_robot_controller/lib/python3.10/site-packages/my_robot_controller
[1.468s] copying /home/arsen/ros2_ws/build/my_robot_controller/build/lib/my_robot_controller/first_node.py -> /home/arsen/ros2_ws/install/my_robot_controller/lib/python3.10/site-packages/my_robot_controller
[1.468s] copying /home/arsen/ros2_ws/build/my_robot_controller/build/lib/my_robot_controller/draw_circle.py -> /home/arsen/ros2_ws/install/my_robot_controller/lib/python3.10/site-packages/my_robot_controller
[1.468s] byte-compiling /home/arsen/ros2_ws/install/my_robot_controller/lib/python3.10/site-packages/my_robot_controller/turtle_controller.py to turtle_controller.cpython-310.pyc
[1.468s] byte-compiling /home/arsen/ros2_ws/install/my_robot_controller/lib/python3.10/site-packages/my_robot_controller/__init__.py to __init__.cpython-310.pyc
[1.469s] byte-compiling /home/arsen/ros2_ws/install/my_robot_controller/lib/python3.10/site-packages/my_robot_controller/roarm.py to roarm.cpython-310.pyc
[1.469s] byte-compiling /home/arsen/ros2_ws/install/my_robot_controller/lib/python3.10/site-packages/my_robot_controller/pose_subscriber.py to pose_subscriber.cpython-310.pyc
[1.470s] byte-compiling /home/arsen/ros2_ws/install/my_robot_controller/lib/python3.10/site-packages/my_robot_controller/first_node.py to first_node.cpython-310.pyc
[1.470s] byte-compiling /home/arsen/ros2_ws/install/my_robot_controller/lib/python3.10/site-packages/my_robot_controller/draw_circle.py to draw_circle.cpython-310.pyc
[1.470s] running install_data
[1.470s] copying resource/my_robot_controller -> /home/arsen/ros2_ws/install/my_robot_controller/share/ament_index/resource_index/packages
[1.470s] copying package.xml -> /home/arsen/ros2_ws/install/my_robot_controller/share/my_robot_controller
[1.470s] running install_egg_info
[1.472s] Copying ../../build/my_robot_controller/my_robot_controller.egg-info to /home/arsen/ros2_ws/install/my_robot_controller/lib/python3.10/site-packages/my_robot_controller-0.0.0-py3.10.egg-info
[1.473s] running install_scripts
[1.491s] Installing draw_circle script to /home/arsen/ros2_ws/install/my_robot_controller/lib/my_robot_controller
[1.491s] Installing pose_subscriber script to /home/arsen/ros2_ws/install/my_robot_controller/lib/my_robot_controller
[1.491s] Installing test_node script to /home/arsen/ros2_ws/install/my_robot_controller/lib/my_robot_controller
[1.491s] Installing turtle_controller script to /home/arsen/ros2_ws/install/my_robot_controller/lib/my_robot_controller
[1.491s] writing list of installed files to '/home/arsen/ros2_ws/build/my_robot_controller/install.log'
[1.510s] Invoked command in '/home/arsen/ros2_ws/src/my_robot_controller' returned '0': PYTHONPATH=/home/arsen/ros2_ws/build/my_robot_controller/prefix_override:/usr/lib/python3/dist-packages/colcon_core/task/python/colcon_distutils_commands:/home/arsen/ros2_ws/install/my_robot_controller/lib/python3.10/site-packages:${PYTHONPATH} /usr/bin/python3 -W ignore:setup.py install is deprecated -W ignore:easy_install command is deprecated setup.py egg_info --egg-base ../../build/my_robot_controller build --build-base /home/arsen/ros2_ws/build/my_robot_controller/build install --record /home/arsen/ros2_ws/build/my_robot_controller/install.log --single-version-externally-managed install_data --force
