[0.575s] Invoking command in '/home/arsen/ros2_ws/build/my_robot_controller': PYTHONPATH=/home/arsen/ros2_ws/build/my_robot_controller/prefix_override:/usr/lib/python3/dist-packages/colcon_core/task/python/colcon_distutils_commands:/home/arsen/ros2_ws/install/my_robot_controller/lib/python3.10/site-packages:${PYTHONPATH} /usr/bin/python3 -W ignore:setup.py install is deprecated -W ignore:easy_install command is deprecated setup.py develop --editable --build-directory /home/arsen/ros2_ws/build/my_robot_controller/build --no-deps symlink_data
[0.832s] running develop
[0.988s] running egg_info
[0.989s] writing my_robot_controller.egg-info/PKG-INFO
[0.989s] writing dependency_links to my_robot_controller.egg-info/dependency_links.txt
[0.989s] writing entry points to my_robot_controller.egg-info/entry_points.txt
[0.989s] writing requirements to my_robot_controller.egg-info/requires.txt
[0.989s] writing top-level names to my_robot_controller.egg-info/top_level.txt
[0.991s] reading manifest file 'my_robot_controller.egg-info/SOURCES.txt'
[0.991s] writing manifest file 'my_robot_controller.egg-info/SOURCES.txt'
[0.992s] running build_ext
[0.993s] Creating /home/arsen/ros2_ws/install/my_robot_controller/lib/python3.10/site-packages/my-robot-controller.egg-link (link to .)
[0.993s] Installing draw_circle script to /home/arsen/ros2_ws/install/my_robot_controller/lib/my_robot_controller
[0.993s] Installing pose_subscriber script to /home/arsen/ros2_ws/install/my_robot_controller/lib/my_robot_controller
[0.994s] Installing test_node script to /home/arsen/ros2_ws/install/my_robot_controller/lib/my_robot_controller
[0.994s] Installing turtle_controller script to /home/arsen/ros2_ws/install/my_robot_controller/lib/my_robot_controller
[0.994s] 
[0.994s] Installed /home/arsen/ros2_ws/build/my_robot_controller
[0.994s] running symlink_data
[1.019s] Invoked command in '/home/arsen/ros2_ws/build/my_robot_controller' returned '0': PYTHONPATH=/home/arsen/ros2_ws/build/my_robot_controller/prefix_override:/usr/lib/python3/dist-packages/colcon_core/task/python/colcon_distutils_commands:/home/arsen/ros2_ws/install/my_robot_controller/lib/python3.10/site-packages:${PYTHONPATH} /usr/bin/python3 -W ignore:setup.py install is deprecated -W ignore:easy_install command is deprecated setup.py develop --editable --build-directory /home/arsen/ros2_ws/build/my_robot_controller/build --no-deps symlink_data
