[0.548s] Invoking command in '/home/arsen/ros2_ws/src/my_robot_controller': PYTHONPATH=/home/arsen/ros2_ws/build/my_robot_controller/prefix_override:/usr/lib/python3/dist-packages/colcon_core/task/python/colcon_distutils_commands:/home/arsen/ros2_ws/install/my_robot_controller/lib/python3.10/site-packages:${PYTHONPATH} /usr/bin/python3 -W ignore:setup.py install is deprecated -W ignore:easy_install command is deprecated setup.py egg_info --egg-base ../../build/my_robot_controller build --build-base /home/arsen/ros2_ws/build/my_robot_controller/build install --record /home/arsen/ros2_ws/build/my_robot_controller/install.log --single-version-externally-managed install_data
[0.756s] running egg_info
[0.756s] creating ../../build/my_robot_controller/my_robot_controller.egg-info
[0.757s] writing ../../build/my_robot_controller/my_robot_controller.egg-info/PKG-INFO
[0.757s] writing dependency_links to ../../build/my_robot_controller/my_robot_controller.egg-info/dependency_links.txt
[0.757s] writing entry points to ../../build/my_robot_controller/my_robot_controller.egg-info/entry_points.txt
[0.757s] writing requirements to ../../build/my_robot_controller/my_robot_controller.egg-info/requires.txt
[0.757s] writing top-level names to ../../build/my_robot_controller/my_robot_controller.egg-info/top_level.txt
[0.757s] writing manifest file '../../build/my_robot_controller/my_robot_controller.egg-info/SOURCES.txt'
[0.758s] reading manifest file '../../build/my_robot_controller/my_robot_controller.egg-info/SOURCES.txt'
[0.759s] writing manifest file '../../build/my_robot_controller/my_robot_controller.egg-info/SOURCES.txt'
[0.759s] running build
[0.759s] running build_py
[0.759s] creating /home/arsen/ros2_ws/build/my_robot_controller/build
[0.759s] creating /home/arsen/ros2_ws/build/my_robot_controller/build/lib
[0.759s] creating /home/arsen/ros2_ws/build/my_robot_controller/build/lib/my_robot_controller
[0.759s] copying my_robot_controller/__init__.py -> /home/arsen/ros2_ws/build/my_robot_controller/build/lib/my_robot_controller
[0.760s] running install
[0.760s] running install_lib
[0.760s] creating /home/arsen/ros2_ws/install/my_robot_controller/lib/python3.10/site-packages/my_robot_controller
[0.760s] copying /home/arsen/ros2_ws/build/my_robot_controller/build/lib/my_robot_controller/__init__.py -> /home/arsen/ros2_ws/install/my_robot_controller/lib/python3.10/site-packages/my_robot_controller
[0.761s] byte-compiling /home/arsen/ros2_ws/install/my_robot_controller/lib/python3.10/site-packages/my_robot_controller/__init__.py to __init__.cpython-310.pyc
[0.761s] running install_data
[0.761s] creating /home/arsen/ros2_ws/install/my_robot_controller/share/ament_index
[0.761s] creating /home/arsen/ros2_ws/install/my_robot_controller/share/ament_index/resource_index
[0.761s] creating /home/arsen/ros2_ws/install/my_robot_controller/share/ament_index/resource_index/packages
[0.761s] copying resource/my_robot_controller -> /home/arsen/ros2_ws/install/my_robot_controller/share/ament_index/resource_index/packages
[0.761s] copying package.xml -> /home/arsen/ros2_ws/install/my_robot_controller/share/my_robot_controller
[0.761s] running install_egg_info
[0.763s] Copying ../../build/my_robot_controller/my_robot_controller.egg-info to /home/arsen/ros2_ws/install/my_robot_controller/lib/python3.10/site-packages/my_robot_controller-0.0.0-py3.10.egg-info
[0.763s] running install_scripts
[0.781s] writing list of installed files to '/home/arsen/ros2_ws/build/my_robot_controller/install.log'
[0.799s] Invoked command in '/home/arsen/ros2_ws/src/my_robot_controller' returned '0': PYTHONPATH=/home/arsen/ros2_ws/build/my_robot_controller/prefix_override:/usr/lib/python3/dist-packages/colcon_core/task/python/colcon_distutils_commands:/home/arsen/ros2_ws/install/my_robot_controller/lib/python3.10/site-packages:${PYTHONPATH} /usr/bin/python3 -W ignore:setup.py install is deprecated -W ignore:easy_install command is deprecated setup.py egg_info --egg-base ../../build/my_robot_controller build --build-base /home/arsen/ros2_ws/build/my_robot_controller/build install --record /home/arsen/ros2_ws/build/my_robot_controller/install.log --single-version-externally-managed install_data
